// Jest Snapshot v1, https://goo.gl/fbAQLP

exports[`SearchBox should render correctly 1`] = `
Array [
  <div
    className="c-search-box"
  >
    <h2
      className="c-search-box__title"
    >
      Letâ€™s find your ideal car
    </h2>
    <SearchField />
  </div>,
]
`;
